
Copyright (C) 1994-2018 Synopsys, Inc.
This Synopsys software and all associated documentation are proprietary to Synopsys, Inc.
and may only be used pursuant to the terms and conditions of a written license agreement
with Synopsys, Inc. All other use, reproduction, modification, or distribution of the
Synopsys software or the associated documentation is strictly prohibited.
Tool: Synplify Pro (R)
Build: N-2018.03L-SP1-1
Install: C:\lscc\diamond\3.11_x64\synpbase
OS: Windows 6.2

Hostname: DESKTOP-0QV9UDN

Implementation : A

# Written on Thu Dec 17 15:56:14 2020

##### DESIGN INFO #######################################################

Top View:                "CopyVideoTop"
Constraint File(s):      (none)




##### SUMMARY ############################################################

Found 0 issues in 0 out of 0 constraints


##### DETAILS ############################################################



Clock Relationships
*******************

Starting                            Ending                              |     rise to rise     |     fall to fall     |     rise to fall     |     fall to rise                     
-----------------------------------------------------------------------------------------------------------------------------------------------------------------------------------
System                              System                              |     5.000            |     No paths         |     No paths         |     No paths                         
System                              Pll125to50|CLKOP_inferred_clock     |     5.000            |     No paths         |     No paths         |     No paths                         
CopyVideoTop|PinClk403              CopyVideoTop|PinClk403              |     5.000            |     No paths         |     No paths         |     No paths                         
Pll125to50|CLKOP_inferred_clock     System                              |     5.000            |     No paths         |     No paths         |     No paths                         
Pll125to50|CLKOP_inferred_clock     Pll125to50|CLKOP_inferred_clock     |     5.000            |     No paths         |     No paths         |     No paths                         
===================================================================================================================================================================================
 Note: 'No paths' indicates there are no paths in the design for that pair of clock edges.
       'Diff grp' indicates that paths exist but the starting clock and ending clock are in different clock groups.


Unconstrained Start/End Points
******************************

p:PinClk125
p:PinDat403[0]
p:PinDat403[1]
p:PinDat403[2]
p:PinDat403[3]
p:PinDat403[4]
p:PinDat403[5]
p:PinDat403[6]
p:PinDat403[7]
p:PinDat403[8]
p:PinDat403[9]
p:PinDat403[10]
p:PinDat403[11]
p:PinDat403[12]
p:PinDat403[13]
p:PinDat403[14]
p:PinDat403[15]
p:PinDat403[16]
p:PinDat403[17]
p:PinDat403[18]
p:PinDat403[19]
p:PinDat403[20]
p:PinDat403[21]
p:PinDat403[22]
p:PinDat403[23]
p:PinDat410[0]
p:PinDat410[1]
p:PinDat410[2]
p:PinDat410[3]
p:PinDat410[4]
p:PinDat410[5]
p:PinDat410[6]
p:PinDat410[7]
p:PinDat410[8]
p:PinDat410[9]
p:PinDat410[10]
p:PinDat410[11]
p:PinDat410[12]
p:PinDat410[13]
p:PinDat410[14]
p:PinDat410[15]
p:PinDat410[16]
p:PinDat410[17]
p:PinDat410[18]
p:PinDat410[19]
p:PinDat410[20]
p:PinDat410[21]
p:PinDat410[22]
p:PinDat410[23]
p:PinDe403
p:PinDe410
p:PinHSync403
p:PinHSync410
p:PinLedXv
p:PinPortRx
p:PinPortTx
p:PinScl410
p:PinSda410 (bidir end point)
p:PinSda410 (bidir start point)
p:PinVSync403
p:PinVSync410


Inapplicable constraints
************************

(none)


Applicable constraints with issues
**********************************

(none)


Constraints with matching wildcard expressions
**********************************************

(none)


Library Report
**************


# End of Constraint Checker Report
