# Synospys Constraint Checker(syntax only), version maplat, Build 239R, built Oct 19 2011
# Copyright (C) 1994-2011, Synopsys Inc.  All Rights Reserved

# Written on Tue Jul 31 09:06:55 2012


##### DESIGN INFO #######################################################

Top View:                "TestVideoTop"
Constraint File(s):      (none)

#Run constraint checker to find more issues with constraints.
#########################################################################



No issues found in constraint syntax.



Clock Summary
**************

Start                                   Requested     Requested     Clock        Clock              
Clock                                   Frequency     Period        Type         Group              
----------------------------------------------------------------------------------------------------
System                                  1.0 MHz       1000.000      system       system_clkgroup    
Pll125to100x50|CLKOP_inferred_clock     200.0 MHz     5.000         inferred     Inferred_clkgroup_0
Pll125to100x50|CLKOK_inferred_clock     200.0 MHz     5.000         inferred     Inferred_clkgroup_1
====================================================================================================
