
Copyright (C) 1994-2020 Synopsys, Inc.
This Synopsys software and all associated documentation are proprietary to Synopsys, Inc.
and may only be used pursuant to the terms and conditions of a written license agreement
with Synopsys, Inc. All other use, reproduction, modification, or distribution of the
Synopsys software or the associated documentation is strictly prohibited.
Tool: Synplify Pro (R)
Build: Q-2020.03L-SP1
Install: C:\lscc\diamond\3.12\synpbase
OS: Windows 6.2

Hostname: LAPTOP-QU0RURPA

Implementation : impl1
Synopsys HDL compiler and linker, Version comp202003synp2, Build 182R, Built Oct 29 2020 10:49:53, @

Modified Files: 3
FID:  path (prevtimestamp, timestamp)
11       C:\Users\cypri\Documents\GIT\PGE\05_CustumerRelationship\ProjetsDiamonds\Test403\impl1\reveal_workspace\tmpreveal\Top_rvl_top.vhd (2021-03-10 11:52:19, 2021-03-10 11:55:07)
12       C:\Users\cypri\Documents\GIT\PGE\05_CustumerRelationship\ProjetsDiamonds\Test403\impl1\reveal_workspace\tmpreveal\top_la0_gen.v (2021-03-10 11:52:19, 2021-03-10 11:55:06)
13       C:\Users\cypri\Documents\GIT\PGE\05_CustumerRelationship\ProjetsDiamonds\Test403\impl1\reveal_workspace\tmpreveal\top_la0_trig_gen.v (2021-03-10 11:52:19, 2021-03-10 11:55:06)

*******************************************************************
Modules that may have changed as a result of file changes: 43
MID:  lib.cell.view
9        work.jtagconn16.verilog may have changed because the following files changed:
                        C:\Users\cypri\Documents\GIT\PGE\05_CustumerRelationship\ProjetsDiamonds\Test403\impl1\reveal_workspace\tmpreveal\Top_rvl_top.vhd (2021-03-10 11:52:19, 2021-03-10 11:55:07) <-- (may instantiate this module)
                        C:\Users\cypri\Documents\GIT\PGE\05_CustumerRelationship\ProjetsDiamonds\Test403\impl1\reveal_workspace\tmpreveal\top_la0_gen.v (2021-03-10 11:52:19, 2021-03-10 11:55:06) <-- (may instantiate this module)
                        C:\Users\cypri\Documents\GIT\PGE\05_CustumerRelationship\ProjetsDiamonds\Test403\impl1\reveal_workspace\tmpreveal\top_la0_trig_gen.v (2021-03-10 11:52:19, 2021-03-10 11:55:06) <-- (may instantiate this module)
12       work.pmi_add.verilog may have changed because the following files changed:
                        C:\Users\cypri\Documents\GIT\PGE\05_CustumerRelationship\ProjetsDiamonds\Test403\impl1\reveal_workspace\tmpreveal\Top_rvl_top.vhd (2021-03-10 11:52:19, 2021-03-10 11:55:07) <-- (may instantiate this module)
                        C:\Users\cypri\Documents\GIT\PGE\05_CustumerRelationship\ProjetsDiamonds\Test403\impl1\reveal_workspace\tmpreveal\top_la0_gen.v (2021-03-10 11:52:19, 2021-03-10 11:55:06) <-- (may instantiate this module)
                        C:\Users\cypri\Documents\GIT\PGE\05_CustumerRelationship\ProjetsDiamonds\Test403\impl1\reveal_workspace\tmpreveal\top_la0_trig_gen.v (2021-03-10 11:52:19, 2021-03-10 11:55:06) <-- (may instantiate this module)
13       work.pmi_addsub.verilog may have changed because the following files changed:
                        C:\Users\cypri\Documents\GIT\PGE\05_CustumerRelationship\ProjetsDiamonds\Test403\impl1\reveal_workspace\tmpreveal\Top_rvl_top.vhd (2021-03-10 11:52:19, 2021-03-10 11:55:07) <-- (may instantiate this module)
                        C:\Users\cypri\Documents\GIT\PGE\05_CustumerRelationship\ProjetsDiamonds\Test403\impl1\reveal_workspace\tmpreveal\top_la0_gen.v (2021-03-10 11:52:19, 2021-03-10 11:55:06) <-- (may instantiate this module)
                        C:\Users\cypri\Documents\GIT\PGE\05_CustumerRelationship\ProjetsDiamonds\Test403\impl1\reveal_workspace\tmpreveal\top_la0_trig_gen.v (2021-03-10 11:52:19, 2021-03-10 11:55:06) <-- (may instantiate this module)
14       work.pmi_complex_mult.verilog may have changed because the following files changed:
                        C:\Users\cypri\Documents\GIT\PGE\05_CustumerRelationship\ProjetsDiamonds\Test403\impl1\reveal_workspace\tmpreveal\Top_rvl_top.vhd (2021-03-10 11:52:19, 2021-03-10 11:55:07) <-- (may instantiate this module)
                        C:\Users\cypri\Documents\GIT\PGE\05_CustumerRelationship\ProjetsDiamonds\Test403\impl1\reveal_workspace\tmpreveal\top_la0_gen.v (2021-03-10 11:52:19, 2021-03-10 11:55:06) <-- (may instantiate this module)
                        C:\Users\cypri\Documents\GIT\PGE\05_CustumerRelationship\ProjetsDiamonds\Test403\impl1\reveal_workspace\tmpreveal\top_la0_trig_gen.v (2021-03-10 11:52:19, 2021-03-10 11:55:06) <-- (may instantiate this module)
15       work.pmi_constant_mult.verilog may have changed because the following files changed:
                        C:\Users\cypri\Documents\GIT\PGE\05_CustumerRelationship\ProjetsDiamonds\Test403\impl1\reveal_workspace\tmpreveal\Top_rvl_top.vhd (2021-03-10 11:52:19, 2021-03-10 11:55:07) <-- (may instantiate this module)
                        C:\Users\cypri\Documents\GIT\PGE\05_CustumerRelationship\ProjetsDiamonds\Test403\impl1\reveal_workspace\tmpreveal\top_la0_gen.v (2021-03-10 11:52:19, 2021-03-10 11:55:06) <-- (may instantiate this module)
                        C:\Users\cypri\Documents\GIT\PGE\05_CustumerRelationship\ProjetsDiamonds\Test403\impl1\reveal_workspace\tmpreveal\top_la0_trig_gen.v (2021-03-10 11:52:19, 2021-03-10 11:55:06) <-- (may instantiate this module)
16       work.pmi_counter.verilog may have changed because the following files changed:
                        C:\Users\cypri\Documents\GIT\PGE\05_CustumerRelationship\ProjetsDiamonds\Test403\impl1\reveal_workspace\tmpreveal\Top_rvl_top.vhd (2021-03-10 11:52:19, 2021-03-10 11:55:07) <-- (may instantiate this module)
                        C:\Users\cypri\Documents\GIT\PGE\05_CustumerRelationship\ProjetsDiamonds\Test403\impl1\reveal_workspace\tmpreveal\top_la0_gen.v (2021-03-10 11:52:19, 2021-03-10 11:55:06) <-- (may instantiate this module)
                        C:\Users\cypri\Documents\GIT\PGE\05_CustumerRelationship\ProjetsDiamonds\Test403\impl1\reveal_workspace\tmpreveal\top_la0_trig_gen.v (2021-03-10 11:52:19, 2021-03-10 11:55:06) <-- (may instantiate this module)
17       work.pmi_distributed_dpram.verilog may have changed because the following files changed:
                        C:\Users\cypri\Documents\GIT\PGE\05_CustumerRelationship\ProjetsDiamonds\Test403\impl1\reveal_workspace\tmpreveal\Top_rvl_top.vhd (2021-03-10 11:52:19, 2021-03-10 11:55:07) <-- (may instantiate this module)
                        C:\Users\cypri\Documents\GIT\PGE\05_CustumerRelationship\ProjetsDiamonds\Test403\impl1\reveal_workspace\tmpreveal\top_la0_gen.v (2021-03-10 11:52:19, 2021-03-10 11:55:06) <-- (may instantiate this module)
                        C:\Users\cypri\Documents\GIT\PGE\05_CustumerRelationship\ProjetsDiamonds\Test403\impl1\reveal_workspace\tmpreveal\top_la0_trig_gen.v (2021-03-10 11:52:19, 2021-03-10 11:55:06) <-- (may instantiate this module)
18       work.pmi_distributed_rom.verilog may have changed because the following files changed:
                        C:\Users\cypri\Documents\GIT\PGE\05_CustumerRelationship\ProjetsDiamonds\Test403\impl1\reveal_workspace\tmpreveal\Top_rvl_top.vhd (2021-03-10 11:52:19, 2021-03-10 11:55:07) <-- (may instantiate this module)
                        C:\Users\cypri\Documents\GIT\PGE\05_CustumerRelationship\ProjetsDiamonds\Test403\impl1\reveal_workspace\tmpreveal\top_la0_gen.v (2021-03-10 11:52:19, 2021-03-10 11:55:06) <-- (may instantiate this module)
                        C:\Users\cypri\Documents\GIT\PGE\05_CustumerRelationship\ProjetsDiamonds\Test403\impl1\reveal_workspace\tmpreveal\top_la0_trig_gen.v (2021-03-10 11:52:19, 2021-03-10 11:55:06) <-- (may instantiate this module)
19       work.pmi_distributed_shift_reg.verilog may have changed because the following files changed:
                        C:\Users\cypri\Documents\GIT\PGE\05_CustumerRelationship\ProjetsDiamonds\Test403\impl1\reveal_workspace\tmpreveal\Top_rvl_top.vhd (2021-03-10 11:52:19, 2021-03-10 11:55:07) <-- (may instantiate this module)
                        C:\Users\cypri\Documents\GIT\PGE\05_CustumerRelationship\ProjetsDiamonds\Test403\impl1\reveal_workspace\tmpreveal\top_la0_gen.v (2021-03-10 11:52:19, 2021-03-10 11:55:06) <-- (may instantiate this module)
                        C:\Users\cypri\Documents\GIT\PGE\05_CustumerRelationship\ProjetsDiamonds\Test403\impl1\reveal_workspace\tmpreveal\top_la0_trig_gen.v (2021-03-10 11:52:19, 2021-03-10 11:55:06) <-- (may instantiate this module)
20       work.pmi_distributed_spram.verilog may have changed because the following files changed:
                        C:\Users\cypri\Documents\GIT\PGE\05_CustumerRelationship\ProjetsDiamonds\Test403\impl1\reveal_workspace\tmpreveal\Top_rvl_top.vhd (2021-03-10 11:52:19, 2021-03-10 11:55:07) <-- (may instantiate this module)
                        C:\Users\cypri\Documents\GIT\PGE\05_CustumerRelationship\ProjetsDiamonds\Test403\impl1\reveal_workspace\tmpreveal\top_la0_gen.v (2021-03-10 11:52:19, 2021-03-10 11:55:06) <-- (may instantiate this module)
                        C:\Users\cypri\Documents\GIT\PGE\05_CustumerRelationship\ProjetsDiamonds\Test403\impl1\reveal_workspace\tmpreveal\top_la0_trig_gen.v (2021-03-10 11:52:19, 2021-03-10 11:55:06) <-- (may instantiate this module)
21       work.pmi_dsp_casmultaddsub.verilog may have changed because the following files changed:
                        C:\Users\cypri\Documents\GIT\PGE\05_CustumerRelationship\ProjetsDiamonds\Test403\impl1\reveal_workspace\tmpreveal\Top_rvl_top.vhd (2021-03-10 11:52:19, 2021-03-10 11:55:07) <-- (may instantiate this module)
                        C:\Users\cypri\Documents\GIT\PGE\05_CustumerRelationship\ProjetsDiamonds\Test403\impl1\reveal_workspace\tmpreveal\top_la0_gen.v (2021-03-10 11:52:19, 2021-03-10 11:55:06) <-- (may instantiate this module)
                        C:\Users\cypri\Documents\GIT\PGE\05_CustumerRelationship\ProjetsDiamonds\Test403\impl1\reveal_workspace\tmpreveal\top_la0_trig_gen.v (2021-03-10 11:52:19, 2021-03-10 11:55:06) <-- (may instantiate this module)
22       work.pmi_dsp_mac.verilog may have changed because the following files changed:
                        C:\Users\cypri\Documents\GIT\PGE\05_CustumerRelationship\ProjetsDiamonds\Test403\impl1\reveal_workspace\tmpreveal\Top_rvl_top.vhd (2021-03-10 11:52:19, 2021-03-10 11:55:07) <-- (may instantiate this module)
                        C:\Users\cypri\Documents\GIT\PGE\05_CustumerRelationship\ProjetsDiamonds\Test403\impl1\reveal_workspace\tmpreveal\top_la0_gen.v (2021-03-10 11:52:19, 2021-03-10 11:55:06) <-- (may instantiate this module)
                        C:\Users\cypri\Documents\GIT\PGE\05_CustumerRelationship\ProjetsDiamonds\Test403\impl1\reveal_workspace\tmpreveal\top_la0_trig_gen.v (2021-03-10 11:52:19, 2021-03-10 11:55:06) <-- (may instantiate this module)
23       work.pmi_dsp_mult.verilog may have changed because the following files changed:
                        C:\Users\cypri\Documents\GIT\PGE\05_CustumerRelationship\ProjetsDiamonds\Test403\impl1\reveal_workspace\tmpreveal\Top_rvl_top.vhd (2021-03-10 11:52:19, 2021-03-10 11:55:07) <-- (may instantiate this module)
                        C:\Users\cypri\Documents\GIT\PGE\05_CustumerRelationship\ProjetsDiamonds\Test403\impl1\reveal_workspace\tmpreveal\top_la0_gen.v (2021-03-10 11:52:19, 2021-03-10 11:55:06) <-- (may instantiate this module)
                        C:\Users\cypri\Documents\GIT\PGE\05_CustumerRelationship\ProjetsDiamonds\Test403\impl1\reveal_workspace\tmpreveal\top_la0_trig_gen.v (2021-03-10 11:52:19, 2021-03-10 11:55:06) <-- (may instantiate this module)
24       work.pmi_dsp_multaddsub.verilog may have changed because the following files changed:
                        C:\Users\cypri\Documents\GIT\PGE\05_CustumerRelationship\ProjetsDiamonds\Test403\impl1\reveal_workspace\tmpreveal\Top_rvl_top.vhd (2021-03-10 11:52:19, 2021-03-10 11:55:07) <-- (may instantiate this module)
                        C:\Users\cypri\Documents\GIT\PGE\05_CustumerRelationship\ProjetsDiamonds\Test403\impl1\reveal_workspace\tmpreveal\top_la0_gen.v (2021-03-10 11:52:19, 2021-03-10 11:55:06) <-- (may instantiate this module)
                        C:\Users\cypri\Documents\GIT\PGE\05_CustumerRelationship\ProjetsDiamonds\Test403\impl1\reveal_workspace\tmpreveal\top_la0_trig_gen.v (2021-03-10 11:52:19, 2021-03-10 11:55:06) <-- (may instantiate this module)
25       work.pmi_dsp_multaddsubsum.verilog may have changed because the following files changed:
                        C:\Users\cypri\Documents\GIT\PGE\05_CustumerRelationship\ProjetsDiamonds\Test403\impl1\reveal_workspace\tmpreveal\Top_rvl_top.vhd (2021-03-10 11:52:19, 2021-03-10 11:55:07) <-- (may instantiate this module)
                        C:\Users\cypri\Documents\GIT\PGE\05_CustumerRelationship\ProjetsDiamonds\Test403\impl1\reveal_workspace\tmpreveal\top_la0_gen.v (2021-03-10 11:52:19, 2021-03-10 11:55:06) <-- (may instantiate this module)
                        C:\Users\cypri\Documents\GIT\PGE\05_CustumerRelationship\ProjetsDiamonds\Test403\impl1\reveal_workspace\tmpreveal\top_la0_trig_gen.v (2021-03-10 11:52:19, 2021-03-10 11:55:06) <-- (may instantiate this module)
26       work.pmi_dsp_preadd_slice.verilog may have changed because the following files changed:
                        C:\Users\cypri\Documents\GIT\PGE\05_CustumerRelationship\ProjetsDiamonds\Test403\impl1\reveal_workspace\tmpreveal\Top_rvl_top.vhd (2021-03-10 11:52:19, 2021-03-10 11:55:07) <-- (may instantiate this module)
                        C:\Users\cypri\Documents\GIT\PGE\05_CustumerRelationship\ProjetsDiamonds\Test403\impl1\reveal_workspace\tmpreveal\top_la0_gen.v (2021-03-10 11:52:19, 2021-03-10 11:55:06) <-- (may instantiate this module)
                        C:\Users\cypri\Documents\GIT\PGE\05_CustumerRelationship\ProjetsDiamonds\Test403\impl1\reveal_workspace\tmpreveal\top_la0_trig_gen.v (2021-03-10 11:52:19, 2021-03-10 11:55:06) <-- (may instantiate this module)
27       work.pmi_fifo.verilog may have changed because the following files changed:
                        C:\Users\cypri\Documents\GIT\PGE\05_CustumerRelationship\ProjetsDiamonds\Test403\impl1\reveal_workspace\tmpreveal\Top_rvl_top.vhd (2021-03-10 11:52:19, 2021-03-10 11:55:07) <-- (may instantiate this module)
                        C:\Users\cypri\Documents\GIT\PGE\05_CustumerRelationship\ProjetsDiamonds\Test403\impl1\reveal_workspace\tmpreveal\top_la0_gen.v (2021-03-10 11:52:19, 2021-03-10 11:55:06) <-- (may instantiate this module)
                        C:\Users\cypri\Documents\GIT\PGE\05_CustumerRelationship\ProjetsDiamonds\Test403\impl1\reveal_workspace\tmpreveal\top_la0_trig_gen.v (2021-03-10 11:52:19, 2021-03-10 11:55:06) <-- (may instantiate this module)
28       work.pmi_fifo_dc.verilog may have changed because the following files changed:
                        C:\Users\cypri\Documents\GIT\PGE\05_CustumerRelationship\ProjetsDiamonds\Test403\impl1\reveal_workspace\tmpreveal\Top_rvl_top.vhd (2021-03-10 11:52:19, 2021-03-10 11:55:07) <-- (may instantiate this module)
                        C:\Users\cypri\Documents\GIT\PGE\05_CustumerRelationship\ProjetsDiamonds\Test403\impl1\reveal_workspace\tmpreveal\top_la0_gen.v (2021-03-10 11:52:19, 2021-03-10 11:55:06) <-- (may instantiate this module)
                        C:\Users\cypri\Documents\GIT\PGE\05_CustumerRelationship\ProjetsDiamonds\Test403\impl1\reveal_workspace\tmpreveal\top_la0_trig_gen.v (2021-03-10 11:52:19, 2021-03-10 11:55:06) <-- (may instantiate this module)
29       work.pmi_mac.verilog may have changed because the following files changed:
                        C:\Users\cypri\Documents\GIT\PGE\05_CustumerRelationship\ProjetsDiamonds\Test403\impl1\reveal_workspace\tmpreveal\Top_rvl_top.vhd (2021-03-10 11:52:19, 2021-03-10 11:55:07) <-- (may instantiate this module)
                        C:\Users\cypri\Documents\GIT\PGE\05_CustumerRelationship\ProjetsDiamonds\Test403\impl1\reveal_workspace\tmpreveal\top_la0_gen.v (2021-03-10 11:52:19, 2021-03-10 11:55:06) <-- (may instantiate this module)
                        C:\Users\cypri\Documents\GIT\PGE\05_CustumerRelationship\ProjetsDiamonds\Test403\impl1\reveal_workspace\tmpreveal\top_la0_trig_gen.v (2021-03-10 11:52:19, 2021-03-10 11:55:06) <-- (may instantiate this module)
30       work.pmi_mult.verilog may have changed because the following files changed:
                        C:\Users\cypri\Documents\GIT\PGE\05_CustumerRelationship\ProjetsDiamonds\Test403\impl1\reveal_workspace\tmpreveal\Top_rvl_top.vhd (2021-03-10 11:52:19, 2021-03-10 11:55:07) <-- (may instantiate this module)
                        C:\Users\cypri\Documents\GIT\PGE\05_CustumerRelationship\ProjetsDiamonds\Test403\impl1\reveal_workspace\tmpreveal\top_la0_gen.v (2021-03-10 11:52:19, 2021-03-10 11:55:06) <-- (may instantiate this module)
                        C:\Users\cypri\Documents\GIT\PGE\05_CustumerRelationship\ProjetsDiamonds\Test403\impl1\reveal_workspace\tmpreveal\top_la0_trig_gen.v (2021-03-10 11:52:19, 2021-03-10 11:55:06) <-- (may instantiate this module)
31       work.pmi_multaddsub.verilog may have changed because the following files changed:
                        C:\Users\cypri\Documents\GIT\PGE\05_CustumerRelationship\ProjetsDiamonds\Test403\impl1\reveal_workspace\tmpreveal\Top_rvl_top.vhd (2021-03-10 11:52:19, 2021-03-10 11:55:07) <-- (may instantiate this module)
                        C:\Users\cypri\Documents\GIT\PGE\05_CustumerRelationship\ProjetsDiamonds\Test403\impl1\reveal_workspace\tmpreveal\top_la0_gen.v (2021-03-10 11:52:19, 2021-03-10 11:55:06) <-- (may instantiate this module)
                        C:\Users\cypri\Documents\GIT\PGE\05_CustumerRelationship\ProjetsDiamonds\Test403\impl1\reveal_workspace\tmpreveal\top_la0_trig_gen.v (2021-03-10 11:52:19, 2021-03-10 11:55:06) <-- (may instantiate this module)
32       work.pmi_multaddsubsum.verilog may have changed because the following files changed:
                        C:\Users\cypri\Documents\GIT\PGE\05_CustumerRelationship\ProjetsDiamonds\Test403\impl1\reveal_workspace\tmpreveal\Top_rvl_top.vhd (2021-03-10 11:52:19, 2021-03-10 11:55:07) <-- (may instantiate this module)
                        C:\Users\cypri\Documents\GIT\PGE\05_CustumerRelationship\ProjetsDiamonds\Test403\impl1\reveal_workspace\tmpreveal\top_la0_gen.v (2021-03-10 11:52:19, 2021-03-10 11:55:06) <-- (may instantiate this module)
                        C:\Users\cypri\Documents\GIT\PGE\05_CustumerRelationship\ProjetsDiamonds\Test403\impl1\reveal_workspace\tmpreveal\top_la0_trig_gen.v (2021-03-10 11:52:19, 2021-03-10 11:55:06) <-- (may instantiate this module)
33       work.pmi_pll.verilog may have changed because the following files changed:
                        C:\Users\cypri\Documents\GIT\PGE\05_CustumerRelationship\ProjetsDiamonds\Test403\impl1\reveal_workspace\tmpreveal\Top_rvl_top.vhd (2021-03-10 11:52:19, 2021-03-10 11:55:07) <-- (may instantiate this module)
                        C:\Users\cypri\Documents\GIT\PGE\05_CustumerRelationship\ProjetsDiamonds\Test403\impl1\reveal_workspace\tmpreveal\top_la0_gen.v (2021-03-10 11:52:19, 2021-03-10 11:55:06) <-- (may instantiate this module)
                        C:\Users\cypri\Documents\GIT\PGE\05_CustumerRelationship\ProjetsDiamonds\Test403\impl1\reveal_workspace\tmpreveal\top_la0_trig_gen.v (2021-03-10 11:52:19, 2021-03-10 11:55:06) <-- (may instantiate this module)
34       work.pmi_pll_fp.verilog may have changed because the following files changed:
                        C:\Users\cypri\Documents\GIT\PGE\05_CustumerRelationship\ProjetsDiamonds\Test403\impl1\reveal_workspace\tmpreveal\Top_rvl_top.vhd (2021-03-10 11:52:19, 2021-03-10 11:55:07) <-- (may instantiate this module)
                        C:\Users\cypri\Documents\GIT\PGE\05_CustumerRelationship\ProjetsDiamonds\Test403\impl1\reveal_workspace\tmpreveal\top_la0_gen.v (2021-03-10 11:52:19, 2021-03-10 11:55:06) <-- (may instantiate this module)
                        C:\Users\cypri\Documents\GIT\PGE\05_CustumerRelationship\ProjetsDiamonds\Test403\impl1\reveal_workspace\tmpreveal\top_la0_trig_gen.v (2021-03-10 11:52:19, 2021-03-10 11:55:06) <-- (may instantiate this module)
35       work.pmi_ram_dp.verilog may have changed because the following files changed:
                        C:\Users\cypri\Documents\GIT\PGE\05_CustumerRelationship\ProjetsDiamonds\Test403\impl1\reveal_workspace\tmpreveal\Top_rvl_top.vhd (2021-03-10 11:52:19, 2021-03-10 11:55:07) <-- (may instantiate this module)
                        C:\Users\cypri\Documents\GIT\PGE\05_CustumerRelationship\ProjetsDiamonds\Test403\impl1\reveal_workspace\tmpreveal\top_la0_gen.v (2021-03-10 11:52:19, 2021-03-10 11:55:06) <-- (may instantiate this module)
                        C:\Users\cypri\Documents\GIT\PGE\05_CustumerRelationship\ProjetsDiamonds\Test403\impl1\reveal_workspace\tmpreveal\top_la0_trig_gen.v (2021-03-10 11:52:19, 2021-03-10 11:55:06) <-- (may instantiate this module)
36       work.pmi_ram_dp_be.verilog may have changed because the following files changed:
                        C:\Users\cypri\Documents\GIT\PGE\05_CustumerRelationship\ProjetsDiamonds\Test403\impl1\reveal_workspace\tmpreveal\Top_rvl_top.vhd (2021-03-10 11:52:19, 2021-03-10 11:55:07) <-- (may instantiate this module)
                        C:\Users\cypri\Documents\GIT\PGE\05_CustumerRelationship\ProjetsDiamonds\Test403\impl1\reveal_workspace\tmpreveal\top_la0_gen.v (2021-03-10 11:52:19, 2021-03-10 11:55:06) <-- (may instantiate this module)
                        C:\Users\cypri\Documents\GIT\PGE\05_CustumerRelationship\ProjetsDiamonds\Test403\impl1\reveal_workspace\tmpreveal\top_la0_trig_gen.v (2021-03-10 11:52:19, 2021-03-10 11:55:06) <-- (may instantiate this module)
37       work.pmi_ram_dp_true.verilog may have changed because the following files changed:
                        C:\Users\cypri\Documents\GIT\PGE\05_CustumerRelationship\ProjetsDiamonds\Test403\impl1\reveal_workspace\tmpreveal\Top_rvl_top.vhd (2021-03-10 11:52:19, 2021-03-10 11:55:07) <-- (may instantiate this module)
                        C:\Users\cypri\Documents\GIT\PGE\05_CustumerRelationship\ProjetsDiamonds\Test403\impl1\reveal_workspace\tmpreveal\top_la0_gen.v (2021-03-10 11:52:19, 2021-03-10 11:55:06) <-- (may instantiate this module)
                        C:\Users\cypri\Documents\GIT\PGE\05_CustumerRelationship\ProjetsDiamonds\Test403\impl1\reveal_workspace\tmpreveal\top_la0_trig_gen.v (2021-03-10 11:52:19, 2021-03-10 11:55:06) <-- (may instantiate this module)
38       work.pmi_ram_dp_true_be.verilog may have changed because the following files changed:
                        C:\Users\cypri\Documents\GIT\PGE\05_CustumerRelationship\ProjetsDiamonds\Test403\impl1\reveal_workspace\tmpreveal\Top_rvl_top.vhd (2021-03-10 11:52:19, 2021-03-10 11:55:07) <-- (may instantiate this module)
                        C:\Users\cypri\Documents\GIT\PGE\05_CustumerRelationship\ProjetsDiamonds\Test403\impl1\reveal_workspace\tmpreveal\top_la0_gen.v (2021-03-10 11:52:19, 2021-03-10 11:55:06) <-- (may instantiate this module)
                        C:\Users\cypri\Documents\GIT\PGE\05_CustumerRelationship\ProjetsDiamonds\Test403\impl1\reveal_workspace\tmpreveal\top_la0_trig_gen.v (2021-03-10 11:52:19, 2021-03-10 11:55:06) <-- (may instantiate this module)
39       work.pmi_ram_dq.verilog may have changed because the following files changed:
                        C:\Users\cypri\Documents\GIT\PGE\05_CustumerRelationship\ProjetsDiamonds\Test403\impl1\reveal_workspace\tmpreveal\Top_rvl_top.vhd (2021-03-10 11:52:19, 2021-03-10 11:55:07) <-- (may instantiate this module)
                        C:\Users\cypri\Documents\GIT\PGE\05_CustumerRelationship\ProjetsDiamonds\Test403\impl1\reveal_workspace\tmpreveal\top_la0_gen.v (2021-03-10 11:52:19, 2021-03-10 11:55:06) <-- (may instantiate this module)
                        C:\Users\cypri\Documents\GIT\PGE\05_CustumerRelationship\ProjetsDiamonds\Test403\impl1\reveal_workspace\tmpreveal\top_la0_trig_gen.v (2021-03-10 11:52:19, 2021-03-10 11:55:06) <-- (may instantiate this module)
40       work.pmi_ram_dq_be.verilog may have changed because the following files changed:
                        C:\Users\cypri\Documents\GIT\PGE\05_CustumerRelationship\ProjetsDiamonds\Test403\impl1\reveal_workspace\tmpreveal\Top_rvl_top.vhd (2021-03-10 11:52:19, 2021-03-10 11:55:07) <-- (may instantiate this module)
                        C:\Users\cypri\Documents\GIT\PGE\05_CustumerRelationship\ProjetsDiamonds\Test403\impl1\reveal_workspace\tmpreveal\top_la0_gen.v (2021-03-10 11:52:19, 2021-03-10 11:55:06) <-- (may instantiate this module)
                        C:\Users\cypri\Documents\GIT\PGE\05_CustumerRelationship\ProjetsDiamonds\Test403\impl1\reveal_workspace\tmpreveal\top_la0_trig_gen.v (2021-03-10 11:52:19, 2021-03-10 11:55:06) <-- (may instantiate this module)
41       work.pmi_rom.verilog may have changed because the following files changed:
                        C:\Users\cypri\Documents\GIT\PGE\05_CustumerRelationship\ProjetsDiamonds\Test403\impl1\reveal_workspace\tmpreveal\Top_rvl_top.vhd (2021-03-10 11:52:19, 2021-03-10 11:55:07) <-- (may instantiate this module)
                        C:\Users\cypri\Documents\GIT\PGE\05_CustumerRelationship\ProjetsDiamonds\Test403\impl1\reveal_workspace\tmpreveal\top_la0_gen.v (2021-03-10 11:52:19, 2021-03-10 11:55:06) <-- (may instantiate this module)
                        C:\Users\cypri\Documents\GIT\PGE\05_CustumerRelationship\ProjetsDiamonds\Test403\impl1\reveal_workspace\tmpreveal\top_la0_trig_gen.v (2021-03-10 11:52:19, 2021-03-10 11:55:06) <-- (may instantiate this module)
42       work.pmi_sub.verilog may have changed because the following files changed:
                        C:\Users\cypri\Documents\GIT\PGE\05_CustumerRelationship\ProjetsDiamonds\Test403\impl1\reveal_workspace\tmpreveal\Top_rvl_top.vhd (2021-03-10 11:52:19, 2021-03-10 11:55:07) <-- (may instantiate this module)
                        C:\Users\cypri\Documents\GIT\PGE\05_CustumerRelationship\ProjetsDiamonds\Test403\impl1\reveal_workspace\tmpreveal\top_la0_gen.v (2021-03-10 11:52:19, 2021-03-10 11:55:06) <-- (may instantiate this module)
                        C:\Users\cypri\Documents\GIT\PGE\05_CustumerRelationship\ProjetsDiamonds\Test403\impl1\reveal_workspace\tmpreveal\top_la0_trig_gen.v (2021-03-10 11:52:19, 2021-03-10 11:55:06) <-- (may instantiate this module)
43       work.reveal_coretop.one may have changed because the following files changed:
                        C:\Users\cypri\Documents\GIT\PGE\05_CustumerRelationship\ProjetsDiamonds\Test403\impl1\reveal_workspace\tmpreveal\Top_rvl_top.vhd (2021-03-10 11:52:19, 2021-03-10 11:55:07) <-- (architecture and entity definition)
45       work.rvl_decode.verilog may have changed because the following files changed:
                        C:\Users\cypri\Documents\GIT\PGE\05_CustumerRelationship\ProjetsDiamonds\Test403\impl1\reveal_workspace\tmpreveal\Top_rvl_top.vhd (2021-03-10 11:52:19, 2021-03-10 11:55:07) <-- (may instantiate this module)
                        C:\Users\cypri\Documents\GIT\PGE\05_CustumerRelationship\ProjetsDiamonds\Test403\impl1\reveal_workspace\tmpreveal\top_la0_gen.v (2021-03-10 11:52:19, 2021-03-10 11:55:06) <-- (may instantiate this module)
                        C:\Users\cypri\Documents\GIT\PGE\05_CustumerRelationship\ProjetsDiamonds\Test403\impl1\reveal_workspace\tmpreveal\top_la0_trig_gen.v (2021-03-10 11:52:19, 2021-03-10 11:55:06) <-- (may instantiate this module)
48       work.rvl_jtag_int.verilog may have changed because the following files changed:
                        C:\Users\cypri\Documents\GIT\PGE\05_CustumerRelationship\ProjetsDiamonds\Test403\impl1\reveal_workspace\tmpreveal\Top_rvl_top.vhd (2021-03-10 11:52:19, 2021-03-10 11:55:07) <-- (may instantiate this module)
                        C:\Users\cypri\Documents\GIT\PGE\05_CustumerRelationship\ProjetsDiamonds\Test403\impl1\reveal_workspace\tmpreveal\top_la0_gen.v (2021-03-10 11:52:19, 2021-03-10 11:55:06) <-- (may instantiate this module)
                        C:\Users\cypri\Documents\GIT\PGE\05_CustumerRelationship\ProjetsDiamonds\Test403\impl1\reveal_workspace\tmpreveal\top_la0_trig_gen.v (2021-03-10 11:52:19, 2021-03-10 11:55:06) <-- (may instantiate this module)
49       work.rvl_serial_tu.verilog may have changed because the following files changed:
                        C:\Users\cypri\Documents\GIT\PGE\05_CustumerRelationship\ProjetsDiamonds\Test403\impl1\reveal_workspace\tmpreveal\Top_rvl_top.vhd (2021-03-10 11:52:19, 2021-03-10 11:55:07) <-- (may instantiate this module)
                        C:\Users\cypri\Documents\GIT\PGE\05_CustumerRelationship\ProjetsDiamonds\Test403\impl1\reveal_workspace\tmpreveal\top_la0_gen.v (2021-03-10 11:52:19, 2021-03-10 11:55:06) <-- (may instantiate this module)
                        C:\Users\cypri\Documents\GIT\PGE\05_CustumerRelationship\ProjetsDiamonds\Test403\impl1\reveal_workspace\tmpreveal\top_la0_trig_gen.v (2021-03-10 11:52:19, 2021-03-10 11:55:06) <-- (may instantiate this module)
50       work.rvl_tcnt.verilog may have changed because the following files changed:
                        C:\Users\cypri\Documents\GIT\PGE\05_CustumerRelationship\ProjetsDiamonds\Test403\impl1\reveal_workspace\tmpreveal\Top_rvl_top.vhd (2021-03-10 11:52:19, 2021-03-10 11:55:07) <-- (may instantiate this module)
                        C:\Users\cypri\Documents\GIT\PGE\05_CustumerRelationship\ProjetsDiamonds\Test403\impl1\reveal_workspace\tmpreveal\top_la0_gen.v (2021-03-10 11:52:19, 2021-03-10 11:55:06) <-- (may instantiate this module)
                        C:\Users\cypri\Documents\GIT\PGE\05_CustumerRelationship\ProjetsDiamonds\Test403\impl1\reveal_workspace\tmpreveal\top_la0_trig_gen.v (2021-03-10 11:52:19, 2021-03-10 11:55:06) <-- (may instantiate this module)
51       work.rvl_te.verilog may have changed because the following files changed:
                        C:\Users\cypri\Documents\GIT\PGE\05_CustumerRelationship\ProjetsDiamonds\Test403\impl1\reveal_workspace\tmpreveal\Top_rvl_top.vhd (2021-03-10 11:52:19, 2021-03-10 11:55:07) <-- (may instantiate this module)
                        C:\Users\cypri\Documents\GIT\PGE\05_CustumerRelationship\ProjetsDiamonds\Test403\impl1\reveal_workspace\tmpreveal\top_la0_gen.v (2021-03-10 11:52:19, 2021-03-10 11:55:06) <-- (may instantiate this module)
                        C:\Users\cypri\Documents\GIT\PGE\05_CustumerRelationship\ProjetsDiamonds\Test403\impl1\reveal_workspace\tmpreveal\top_la0_trig_gen.v (2021-03-10 11:52:19, 2021-03-10 11:55:06) <-- (may instantiate this module)
52       work.rvl_tm.verilog may have changed because the following files changed:
                        C:\Users\cypri\Documents\GIT\PGE\05_CustumerRelationship\ProjetsDiamonds\Test403\impl1\reveal_workspace\tmpreveal\Top_rvl_top.vhd (2021-03-10 11:52:19, 2021-03-10 11:55:07) <-- (may instantiate this module)
                        C:\Users\cypri\Documents\GIT\PGE\05_CustumerRelationship\ProjetsDiamonds\Test403\impl1\reveal_workspace\tmpreveal\top_la0_gen.v (2021-03-10 11:52:19, 2021-03-10 11:55:06) <-- (may instantiate this module)
                        C:\Users\cypri\Documents\GIT\PGE\05_CustumerRelationship\ProjetsDiamonds\Test403\impl1\reveal_workspace\tmpreveal\top_la0_trig_gen.v (2021-03-10 11:52:19, 2021-03-10 11:55:06) <-- (may instantiate this module)
53       work.rvl_tu.verilog may have changed because the following files changed:
                        C:\Users\cypri\Documents\GIT\PGE\05_CustumerRelationship\ProjetsDiamonds\Test403\impl1\reveal_workspace\tmpreveal\Top_rvl_top.vhd (2021-03-10 11:52:19, 2021-03-10 11:55:07) <-- (may instantiate this module)
                        C:\Users\cypri\Documents\GIT\PGE\05_CustumerRelationship\ProjetsDiamonds\Test403\impl1\reveal_workspace\tmpreveal\top_la0_gen.v (2021-03-10 11:52:19, 2021-03-10 11:55:06) <-- (may instantiate this module)
                        C:\Users\cypri\Documents\GIT\PGE\05_CustumerRelationship\ProjetsDiamonds\Test403\impl1\reveal_workspace\tmpreveal\top_la0_trig_gen.v (2021-03-10 11:52:19, 2021-03-10 11:55:06) <-- (may instantiate this module)
0        work.top.rtl may have changed because the following files changed:
                        C:\Users\cypri\Documents\GIT\PGE\05_CustumerRelationship\ProjetsDiamonds\Test403\impl1\reveal_workspace\tmpreveal\Top_rvl_top.vhd (2021-03-10 11:52:19, 2021-03-10 11:55:07) <-- (architecture and entity definition)
54       work.top_la0.verilog may have changed because the following files changed:
                        C:\Users\cypri\Documents\GIT\PGE\05_CustumerRelationship\ProjetsDiamonds\Test403\impl1\reveal_workspace\tmpreveal\Top_rvl_top.vhd (2021-03-10 11:52:19, 2021-03-10 11:55:07) <-- (may instantiate this module)
                        C:\Users\cypri\Documents\GIT\PGE\05_CustumerRelationship\ProjetsDiamonds\Test403\impl1\reveal_workspace\tmpreveal\top_la0_gen.v (2021-03-10 11:52:19, 2021-03-10 11:55:06) <-- (module definition)
55       work.top_la0_trig.verilog may have changed because the following files changed:
                        C:\Users\cypri\Documents\GIT\PGE\05_CustumerRelationship\ProjetsDiamonds\Test403\impl1\reveal_workspace\tmpreveal\Top_rvl_top.vhd (2021-03-10 11:52:19, 2021-03-10 11:55:07) <-- (may instantiate this module)
                        C:\Users\cypri\Documents\GIT\PGE\05_CustumerRelationship\ProjetsDiamonds\Test403\impl1\reveal_workspace\tmpreveal\top_la0_gen.v (2021-03-10 11:52:19, 2021-03-10 11:55:06) <-- (may instantiate this module)
                        C:\Users\cypri\Documents\GIT\PGE\05_CustumerRelationship\ProjetsDiamonds\Test403\impl1\reveal_workspace\tmpreveal\top_la0_trig_gen.v (2021-03-10 11:52:19, 2021-03-10 11:55:06) <-- (module definition)

*******************************************************************
Unmodified files: 20
FID:  path (timestamp)
14       C:\lscc\diamond\3.12\cae_library\synthesis\verilog\pmi_def.v (2020-11-25 07:53:48)
15       C:\lscc\diamond\3.12\module\reveal\src\ertl\JTAG_SOFT.v (2016-03-30 14:25:00)
16       C:\lscc\diamond\3.12\module\reveal\src\ertl\ertl.v (2017-04-26 12:34:32)
17       C:\lscc\diamond\3.12\module\reveal\src\rvl_j2w_module\rvl_j2w_module.v (2013-11-25 16:02:34)
18       C:\lscc\diamond\3.12\module\reveal\src\rvl_j2w_module\wb2sci.v (2013-11-11 16:19:06)
19       C:\lscc\diamond\3.12\synpbase\lib\lucent\ecp3.v (2020-10-29 10:20:54)
20       C:\lscc\diamond\3.12\synpbase\lib\lucent\pmi_def.v (2020-10-29 10:20:54)
2        C:\lscc\diamond\3.12\synpbase\lib\vhd\arith.vhd (2020-10-29 10:23:10)
3        C:\lscc\diamond\3.12\synpbase\lib\vhd\hyperents.vhd (2020-10-29 10:23:10)
4        C:\lscc\diamond\3.12\synpbase\lib\vhd\location.map (2020-11-02 17:26:20)
5        C:\lscc\diamond\3.12\synpbase\lib\vhd\numeric.vhd (2020-10-29 10:23:10)
6        C:\lscc\diamond\3.12\synpbase\lib\vhd\snps_haps_pkg.vhd (2020-10-29 10:23:10)
7        C:\lscc\diamond\3.12\synpbase\lib\vhd\std.vhd (2020-10-29 10:23:10)
8        C:\lscc\diamond\3.12\synpbase\lib\vhd\std1164.vhd (2020-10-29 10:23:10)
9        C:\lscc\diamond\3.12\synpbase\lib\vhd\umr_capim.vhd (2020-10-29 10:23:10)
10       C:\lscc\diamond\3.12\synpbase\lib\vhd\unsigned.vhd (2020-10-29 10:23:10)
21       C:\lscc\diamond\3.12\synpbase\lib\vlog\hypermods.v (2020-10-29 10:23:10)
22       C:\lscc\diamond\3.12\synpbase\lib\vlog\scemi_objects.v (2020-10-29 10:23:10)
23       C:\lscc\diamond\3.12\synpbase\lib\vlog\scemi_pipes.svh (2020-10-29 10:23:10)
24       C:\lscc\diamond\3.12\synpbase\lib\vlog\umr_capim.v (2020-10-29 10:23:10)

*******************************************************************
Unchanged modules: 13
MID:  lib.cell.view
2        work.JTAG_SOFT.verilog
3        work.idata.verilog
4        work.jtag_cntl_soft.verilog
5        work.jtag_inst_dec_soft.verilog
6        work.jtag_logic_soft.verilog
7        work.jtag_register_soft.verilog
8        work.jtag_tap_cntl_soft.verilog
10       work.jtaghub16.verilog
11       work.jtaghub_if.verilog
46       work.rvl_j2w.verilog
47       work.rvl_jtag2wb.verilog
56       work.wb2sci.verilog
57       work.wb_control.verilog
