
Copyright (C) 1994-2018 Synopsys, Inc.
This Synopsys software and all associated documentation are proprietary to Synopsys, Inc.
and may only be used pursuant to the terms and conditions of a written license agreement
with Synopsys, Inc. All other use, reproduction, modification, or distribution of the
Synopsys software or the associated documentation is strictly prohibited.
Tool: Synplify Pro (R)
Build: N-2018.03L-SP1-1
Install: C:\lscc\diamond\3.11_x64\synpbase
OS: Windows 6.2

Hostname: DESKTOP-0QV9UDN

Implementation : A
Synopsys HDL compiler and linker, Version comp2018q2p1, Build 461R, Built Apr  1 2019 09:17:43

Modified Files: 1
FID:  path (prevtimestamp, timestamp)
28       C:\Users\Cyprien\Documents\GIT\PGE\05_CustumerRelationship\ProjetsDiamonds\GenVideo\IpxLpc\Pll125to100x50.vhd (2021-01-06 09:22:29, 2021-01-06 16:31:40)

*******************************************************************
Modules that may have changed as a result of file changes: 0
MID:  lib.cell.view

*******************************************************************
Unmodified files: 26
FID:  path (timestamp)
29       C:\Users\Cyprien\Documents\GIT\PGE\05_CustumerRelationship\ProjetsDiamonds\GenVideo\VHDL\Dvi410\Dv i410Request.vhd (2012-07-21 20:16:10)
30       C:\Users\Cyprien\Documents\GIT\PGE\05_CustumerRelationship\ProjetsDiamonds\GenVideo\VHDL\Dvi410\Dvi410Cnt.vhd (2012-07-21 20:15:54)
31       C:\Users\Cyprien\Documents\GIT\PGE\05_CustumerRelationship\ProjetsDiamonds\GenVideo\VHDL\Dvi410\Dvi410Conf.vhd (2012-07-21 20:16:02)
32       C:\Users\Cyprien\Documents\GIT\PGE\05_CustumerRelationship\ProjetsDiamonds\GenVideo\VHDL\Dvi410\Dvi410Main.vhd (2021-01-06 12:30:06)
33       C:\Users\Cyprien\Documents\GIT\PGE\05_CustumerRelationship\ProjetsDiamonds\GenVideo\VHDL\Dvi410\Dvi410Sync.vhd (2012-07-21 20:16:26)
34       C:\Users\Cyprien\Documents\GIT\PGE\05_CustumerRelationship\ProjetsDiamonds\GenVideo\VHDL\Dvi410\Dvi410Timing.vhd (2012-07-21 20:16:24)
35       C:\Users\Cyprien\Documents\GIT\PGE\05_CustumerRelationship\ProjetsDiamonds\GenVideo\VHDL\Forth120719\VHDL\Forth.vhd (2012-07-19 17:21:58)
36       C:\Users\Cyprien\Documents\GIT\PGE\05_CustumerRelationship\ProjetsDiamonds\GenVideo\VHDL\Forth120719\VHDL\Rx.vhd (2012-05-19 19:05:38)
37       C:\Users\Cyprien\Documents\GIT\PGE\05_CustumerRelationship\ProjetsDiamonds\GenVideo\VHDL\Forth120719\VHDL\Tx.vhd (2012-06-11 08:53:06)
38       C:\Users\Cyprien\Documents\GIT\PGE\05_CustumerRelationship\ProjetsDiamonds\GenVideo\VHDL\Forth120719\VHDL\UartTss.vhd (2012-05-19 19:10:56)
39       C:\Users\Cyprien\Documents\GIT\PGE\05_CustumerRelationship\ProjetsDiamonds\GenVideo\VHDL\Forth120719\VHDL\ep32Tss.vhd (2012-05-15 11:54:08)
40       C:\Users\Cyprien\Documents\GIT\PGE\05_CustumerRelationship\ProjetsDiamonds\GenVideo\VHDL\I2CMasterDevice.vhd (2012-07-31 09:03:34)
41       C:\Users\Cyprien\Documents\GIT\PGE\05_CustumerRelationship\ProjetsDiamonds\GenVideo\VHDL\I2cMasterCommands.vhd (2012-07-31 09:03:36)
42       C:\Users\Cyprien\Documents\GIT\PGE\05_CustumerRelationship\ProjetsDiamonds\GenVideo\VHDL\SeqBlk1204.vhd (2012-01-24 12:58:12)
43       C:\Users\Cyprien\Documents\GIT\PGE\05_CustumerRelationship\ProjetsDiamonds\GenVideo\VHDL\TestVideoTop.vhd (2021-01-06 16:21:59)
27       C:\lscc\diamond\3.11_x64\cae_library\synthesis\vhdl\ecp3.vhd (2018-11-15 01:32:10)
17       C:\lscc\diamond\3.11_x64\synpbase\lib\vhd\arith.vhd (2019-04-01 10:07:44)
18       C:\lscc\diamond\3.11_x64\synpbase\lib\vhd\hyperents.vhd (2019-04-01 10:07:44)
19       C:\lscc\diamond\3.11_x64\synpbase\lib\vhd\location.map (2019-04-01 15:38:28)
20       C:\lscc\diamond\3.11_x64\synpbase\lib\vhd\misc.vhd (2019-04-01 10:07:44)
21       C:\lscc\diamond\3.11_x64\synpbase\lib\vhd\numeric.vhd (2019-04-01 10:07:44)
22       C:\lscc\diamond\3.11_x64\synpbase\lib\vhd\snps_haps_pkg.vhd (2019-04-01 10:07:44)
23       C:\lscc\diamond\3.11_x64\synpbase\lib\vhd\std.vhd (2019-04-01 10:07:44)
24       C:\lscc\diamond\3.11_x64\synpbase\lib\vhd\std1164.vhd (2019-04-01 10:07:44)
25       C:\lscc\diamond\3.11_x64\synpbase\lib\vhd\umr_capim.vhd (2019-04-01 10:07:44)
26       C:\lscc\diamond\3.11_x64\synpbase\lib\vhd\unsigned.vhd (2019-04-01 10:07:44)

*******************************************************************
Unchanged modules: 0
MID:  lib.cell.view
